................................................................................................................................................................................................................................................................................................................................
----------------------------------------------------------------------
Ran 320 tests in 65.939s

OK
COSMOS  compilar  verde

Creadas 1; actualizadas 0; iguales 0; adoptadas 0; ajenas respetadas 0; obsoletas eliminadas 0; obsoletas preservadas 0.
(1 cambio(s); 'cosmos compilar --detalle' o '--seco' los lista uno a uno)
(vista COMPLETA: 1 pueblos de todos los nichos; acótala con --nicho o [nichos] activos si un runtime escanea el destino)

Índice creado en /private/var/folders/vv/_hbj4jrd3796ptvjsrrfpnrc0000gq/T/cosmos-enganche-t8ozvxjs/repo/arbol/COSMOS.md (no existía)
COSMOS  verde  0 errores

COSMOS  arrancar  verde

Vista compilada en /private/var/folders/vv/_hbj4jrd3796ptvjsrrfpnrc0000gq/T/cosmos-enganche-t8ozvxjs/repo/.cosmos/vista
COSMOS  generar  verde

Índice escrito en /private/var/folders/vv/_hbj4jrd3796ptvjsrrfpnrc0000gq/T/cosmos-enganche-t8ozvxjs/repo/arbol/COSMOS.md
COSMOS  compilar  verde

Creadas 1; actualizadas 0; iguales 0; adoptadas 0; ajenas respetadas 0; obsoletas eliminadas 0; obsoletas preservadas 0.
(1 cambio(s); 'cosmos compilar --detalle' o '--seco' los lista uno a uno)
(vista COMPLETA: 1 pueblos de todos los nichos; acótala con --nicho o [nichos] activos si un runtime escanea el destino)

Índice creado en /private/var/folders/vv/_hbj4jrd3796ptvjsrrfpnrc0000gq/T/cosmos-enganche-whkrw9x1/repo/arbol/COSMOS.md (no existía)
COSMOS  verde  0 errores

COSMOS  arrancar  verde

Vista compilada en /private/var/folders/vv/_hbj4jrd3796ptvjsrrfpnrc0000gq/T/cosmos-enganche-whkrw9x1/repo/.cosmos/vista
COSMOS  generar  verde

Índice escrito en /private/var/folders/vv/_hbj4jrd3796ptvjsrrfpnrc0000gq/T/cosmos-enganche-whkrw9x1/repo/arbol/COSMOS.md
COSMOS  compilar  verde

Creadas 1; actualizadas 0; iguales 0; adoptadas 0; ajenas respetadas 0; obsoletas eliminadas 0; obsoletas preservadas 0.
(1 cambio(s); 'cosmos compilar --detalle' o '--seco' los lista uno a uno)
(vista COMPLETA: 1 pueblos de todos los nichos; acótala con --nicho o [nichos] activos si un runtime escanea el destino)

Índice creado en /private/var/folders/vv/_hbj4jrd3796ptvjsrrfpnrc0000gq/T/cosmos-enganche-2ybz3p3h/repo/arbol/COSMOS.md (no existía)
COSMOS  verde  0 errores

COSMOS  arrancar  verde

Vista compilada en /private/var/folders/vv/_hbj4jrd3796ptvjsrrfpnrc0000gq/T/cosmos-enganche-2ybz3p3h/repo/.cosmos/vista
COSMOS  generar  verde

Índice escrito en /private/var/folders/vv/_hbj4jrd3796ptvjsrrfpnrc0000gq/T/cosmos-enganche-2ybz3p3h/repo/arbol/COSMOS.md
COSMOS  compilar  verde

Creadas 1; actualizadas 0; iguales 0; adoptadas 0; ajenas respetadas 0; obsoletas eliminadas 0; obsoletas preservadas 0.
(1 cambio(s); 'cosmos compilar --detalle' o '--seco' los lista uno a uno)
(vista COMPLETA: 1 pueblos de todos los nichos; acótala con --nicho o [nichos] activos si un runtime escanea el destino)

Índice creado en /private/var/folders/vv/_hbj4jrd3796ptvjsrrfpnrc0000gq/T/cosmos-enganche-tunc9xgw/repo/arbol/COSMOS.md (no existía)
COSMOS  verde  0 errores

COSMOS  arrancar  verde

Vista compilada en /private/var/folders/vv/_hbj4jrd3796ptvjsrrfpnrc0000gq/T/cosmos-enganche-tunc9xgw/repo/.cosmos/vista
COSMOS  generar  verde

Índice escrito en /private/var/folders/vv/_hbj4jrd3796ptvjsrrfpnrc0000gq/T/cosmos-enganche-tunc9xgw/repo/arbol/COSMOS.md
COSMOS  compilar  verde

Creadas 1; actualizadas 0; iguales 0; adoptadas 0; ajenas respetadas 0; obsoletas eliminadas 0; obsoletas preservadas 0.
(1 cambio(s); 'cosmos compilar --detalle' o '--seco' los lista uno a uno)
(vista COMPLETA: 1 pueblos de todos los nichos; acótala con --nicho o [nichos] activos si un runtime escanea el destino)

Índice creado en /private/var/folders/vv/_hbj4jrd3796ptvjsrrfpnrc0000gq/T/cosmos-bloqueo-c5lgxilf/repo/arbol/COSMOS.md (no existía)
COSMOS  verde  0 errores

COSMOS  arrancar  verde

Vista compilada en /private/var/folders/vv/_hbj4jrd3796ptvjsrrfpnrc0000gq/T/cosmos-bloqueo-c5lgxilf/repo/.cosmos/vista
COSMOS  generar  verde

Índice escrito en /private/var/folders/vv/_hbj4jrd3796ptvjsrrfpnrc0000gq/T/cosmos-bloqueo-c5lgxilf/repo/arbol/COSMOS.md
COSMOS  compilar  verde

Creadas 1; actualizadas 0; iguales 0; adoptadas 0; ajenas respetadas 0; obsoletas eliminadas 0; obsoletas preservadas 0.
(1 cambio(s); 'cosmos compilar --detalle' o '--seco' los lista uno a uno)
(vista COMPLETA: 1 pueblos de todos los nichos; acótala con --nicho o [nichos] activos si un runtime escanea el destino)

Índice creado en /private/var/folders/vv/_hbj4jrd3796ptvjsrrfpnrc0000gq/T/cosmos-bloqueo-ck8unc7_/repo/arbol/COSMOS.md (no existía)
COSMOS  verde  0 errores

COSMOS  arrancar  verde

Vista compilada en /private/var/folders/vv/_hbj4jrd3796ptvjsrrfpnrc0000gq/T/cosmos-bloqueo-ck8unc7_/repo/.cosmos/vista
COSMOS  generar  verde

Índice escrito en /private/var/folders/vv/_hbj4jrd3796ptvjsrrfpnrc0000gq/T/cosmos-bloqueo-ck8unc7_/repo/arbol/COSMOS.md
COSMOS  compilar  verde

Creadas 1; actualizadas 0; iguales 0; adoptadas 0; ajenas respetadas 0; obsoletas eliminadas 0; obsoletas preservadas 0.
(1 cambio(s); 'cosmos compilar --detalle' o '--seco' los lista uno a uno)
(vista COMPLETA: 1 pueblos de todos los nichos; acótala con --nicho o [nichos] activos si un runtime escanea el destino)

Índice creado en /private/var/folders/vv/_hbj4jrd3796ptvjsrrfpnrc0000gq/T/cosmos-bloqueo-vzl3dict/repo/arbol/COSMOS.md (no existía)
COSMOS  verde  0 errores

COSMOS  arrancar  verde

Vista compilada en /private/var/folders/vv/_hbj4jrd3796ptvjsrrfpnrc0000gq/T/cosmos-bloqueo-vzl3dict/repo/.cosmos/vista
COSMOS  generar  verde

Índice escrito en /private/var/folders/vv/_hbj4jrd3796ptvjsrrfpnrc0000gq/T/cosmos-bloqueo-vzl3dict/repo/arbol/COSMOS.md
COSMOS  compilar  verde

Creadas 1; actualizadas 0; iguales 0; adoptadas 0; ajenas respetadas 0; obsoletas eliminadas 0; obsoletas preservadas 0.
(1 cambio(s); 'cosmos compilar --detalle' o '--seco' los lista uno a uno)
(vista COMPLETA: 1 pueblos de todos los nichos; acótala con --nicho o [nichos] activos si un runtime escanea el destino)

Índice creado en /private/var/folders/vv/_hbj4jrd3796ptvjsrrfpnrc0000gq/T/cosmos-bloqueo-fam86tly/repo/arbol/COSMOS.md (no existía)
COSMOS  verde  0 errores

COSMOS  arrancar  verde

Vista compilada en /private/var/folders/vv/_hbj4jrd3796ptvjsrrfpnrc0000gq/T/cosmos-bloqueo-fam86tly/repo/.cosmos/vista
COSMOS  generar  verde

Índice escrito en /private/var/folders/vv/_hbj4jrd3796ptvjsrrfpnrc0000gq/T/cosmos-bloqueo-fam86tly/repo/arbol/COSMOS.md
EXIT=0
