.............................................................................................................................................................................................................s........s.........................................................................................................
----------------------------------------------------------------------
Ran 320 tests in 61.767s

OK (skipped=2)
COSMOS  compilar  verde

Creadas 1; actualizadas 0; iguales 0; adoptadas 0; ajenas respetadas 0; obsoletas eliminadas 0; obsoletas preservadas 0.
(1 cambio(s); 'cosmos compilar --detalle' o '--seco' los lista uno a uno)
(vista COMPLETA: 1 pueblos de todos los nichos; acótala con --nicho o [nichos] activos si un runtime escanea el destino)

Índice creado en /private/var/folders/vv/_hbj4jrd3796ptvjsrrfpnrc0000gq/T/cosmos-enganche-19wkt1dt/repo/arbol/COSMOS.md (no existía)
COSMOS  verde  0 errores

COSMOS  arrancar  verde

Vista compilada en /private/var/folders/vv/_hbj4jrd3796ptvjsrrfpnrc0000gq/T/cosmos-enganche-19wkt1dt/repo/.cosmos/vista
COSMOS  generar  verde

Índice escrito en /private/var/folders/vv/_hbj4jrd3796ptvjsrrfpnrc0000gq/T/cosmos-enganche-19wkt1dt/repo/arbol/COSMOS.md
COSMOS  compilar  verde

Creadas 1; actualizadas 0; iguales 0; adoptadas 0; ajenas respetadas 0; obsoletas eliminadas 0; obsoletas preservadas 0.
(1 cambio(s); 'cosmos compilar --detalle' o '--seco' los lista uno a uno)
(vista COMPLETA: 1 pueblos de todos los nichos; acótala con --nicho o [nichos] activos si un runtime escanea el destino)

Índice creado en /private/var/folders/vv/_hbj4jrd3796ptvjsrrfpnrc0000gq/T/cosmos-enganche-eb1y11_c/repo/arbol/COSMOS.md (no existía)
COSMOS  verde  0 errores

COSMOS  arrancar  verde

Vista compilada en /private/var/folders/vv/_hbj4jrd3796ptvjsrrfpnrc0000gq/T/cosmos-enganche-eb1y11_c/repo/.cosmos/vista
COSMOS  generar  verde

Índice escrito en /private/var/folders/vv/_hbj4jrd3796ptvjsrrfpnrc0000gq/T/cosmos-enganche-eb1y11_c/repo/arbol/COSMOS.md
COSMOS  compilar  verde

Creadas 1; actualizadas 0; iguales 0; adoptadas 0; ajenas respetadas 0; obsoletas eliminadas 0; obsoletas preservadas 0.
(1 cambio(s); 'cosmos compilar --detalle' o '--seco' los lista uno a uno)
(vista COMPLETA: 1 pueblos de todos los nichos; acótala con --nicho o [nichos] activos si un runtime escanea el destino)

Índice creado en /private/var/folders/vv/_hbj4jrd3796ptvjsrrfpnrc0000gq/T/cosmos-enganche-e4543k80/repo/arbol/COSMOS.md (no existía)
COSMOS  verde  0 errores

COSMOS  arrancar  verde

Vista compilada en /private/var/folders/vv/_hbj4jrd3796ptvjsrrfpnrc0000gq/T/cosmos-enganche-e4543k80/repo/.cosmos/vista
COSMOS  generar  verde

Índice escrito en /private/var/folders/vv/_hbj4jrd3796ptvjsrrfpnrc0000gq/T/cosmos-enganche-e4543k80/repo/arbol/COSMOS.md
COSMOS  compilar  verde

Creadas 1; actualizadas 0; iguales 0; adoptadas 0; ajenas respetadas 0; obsoletas eliminadas 0; obsoletas preservadas 0.
(1 cambio(s); 'cosmos compilar --detalle' o '--seco' los lista uno a uno)
(vista COMPLETA: 1 pueblos de todos los nichos; acótala con --nicho o [nichos] activos si un runtime escanea el destino)

Índice creado en /private/var/folders/vv/_hbj4jrd3796ptvjsrrfpnrc0000gq/T/cosmos-enganche-wj4ufebd/repo/arbol/COSMOS.md (no existía)
COSMOS  verde  0 errores

COSMOS  arrancar  verde

Vista compilada en /private/var/folders/vv/_hbj4jrd3796ptvjsrrfpnrc0000gq/T/cosmos-enganche-wj4ufebd/repo/.cosmos/vista
COSMOS  generar  verde

Índice escrito en /private/var/folders/vv/_hbj4jrd3796ptvjsrrfpnrc0000gq/T/cosmos-enganche-wj4ufebd/repo/arbol/COSMOS.md
COSMOS  compilar  verde

Creadas 1; actualizadas 0; iguales 0; adoptadas 0; ajenas respetadas 0; obsoletas eliminadas 0; obsoletas preservadas 0.
(1 cambio(s); 'cosmos compilar --detalle' o '--seco' los lista uno a uno)
(vista COMPLETA: 1 pueblos de todos los nichos; acótala con --nicho o [nichos] activos si un runtime escanea el destino)

Índice creado en /private/var/folders/vv/_hbj4jrd3796ptvjsrrfpnrc0000gq/T/cosmos-bloqueo-uoyexi_s/repo/arbol/COSMOS.md (no existía)
COSMOS  verde  0 errores

COSMOS  arrancar  verde

Vista compilada en /private/var/folders/vv/_hbj4jrd3796ptvjsrrfpnrc0000gq/T/cosmos-bloqueo-uoyexi_s/repo/.cosmos/vista
COSMOS  generar  verde

Índice escrito en /private/var/folders/vv/_hbj4jrd3796ptvjsrrfpnrc0000gq/T/cosmos-bloqueo-uoyexi_s/repo/arbol/COSMOS.md
COSMOS  compilar  verde

Creadas 1; actualizadas 0; iguales 0; adoptadas 0; ajenas respetadas 0; obsoletas eliminadas 0; obsoletas preservadas 0.
(1 cambio(s); 'cosmos compilar --detalle' o '--seco' los lista uno a uno)
(vista COMPLETA: 1 pueblos de todos los nichos; acótala con --nicho o [nichos] activos si un runtime escanea el destino)

Índice creado en /private/var/folders/vv/_hbj4jrd3796ptvjsrrfpnrc0000gq/T/cosmos-bloqueo-xw7feizr/repo/arbol/COSMOS.md (no existía)
COSMOS  verde  0 errores

COSMOS  arrancar  verde

Vista compilada en /private/var/folders/vv/_hbj4jrd3796ptvjsrrfpnrc0000gq/T/cosmos-bloqueo-xw7feizr/repo/.cosmos/vista
COSMOS  generar  verde

Índice escrito en /private/var/folders/vv/_hbj4jrd3796ptvjsrrfpnrc0000gq/T/cosmos-bloqueo-xw7feizr/repo/arbol/COSMOS.md
COSMOS  compilar  verde

Creadas 1; actualizadas 0; iguales 0; adoptadas 0; ajenas respetadas 0; obsoletas eliminadas 0; obsoletas preservadas 0.
(1 cambio(s); 'cosmos compilar --detalle' o '--seco' los lista uno a uno)
(vista COMPLETA: 1 pueblos de todos los nichos; acótala con --nicho o [nichos] activos si un runtime escanea el destino)

Índice creado en /private/var/folders/vv/_hbj4jrd3796ptvjsrrfpnrc0000gq/T/cosmos-bloqueo-ukp8myvr/repo/arbol/COSMOS.md (no existía)
COSMOS  verde  0 errores

COSMOS  arrancar  verde

Vista compilada en /private/var/folders/vv/_hbj4jrd3796ptvjsrrfpnrc0000gq/T/cosmos-bloqueo-ukp8myvr/repo/.cosmos/vista
COSMOS  generar  verde

Índice escrito en /private/var/folders/vv/_hbj4jrd3796ptvjsrrfpnrc0000gq/T/cosmos-bloqueo-ukp8myvr/repo/arbol/COSMOS.md
COSMOS  compilar  verde

Creadas 1; actualizadas 0; iguales 0; adoptadas 0; ajenas respetadas 0; obsoletas eliminadas 0; obsoletas preservadas 0.
(1 cambio(s); 'cosmos compilar --detalle' o '--seco' los lista uno a uno)
(vista COMPLETA: 1 pueblos de todos los nichos; acótala con --nicho o [nichos] activos si un runtime escanea el destino)

Índice creado en /private/var/folders/vv/_hbj4jrd3796ptvjsrrfpnrc0000gq/T/cosmos-bloqueo-w4v5hpfo/repo/arbol/COSMOS.md (no existía)
COSMOS  verde  0 errores

COSMOS  arrancar  verde

Vista compilada en /private/var/folders/vv/_hbj4jrd3796ptvjsrrfpnrc0000gq/T/cosmos-bloqueo-w4v5hpfo/repo/.cosmos/vista
COSMOS  generar  verde

Índice escrito en /private/var/folders/vv/_hbj4jrd3796ptvjsrrfpnrc0000gq/T/cosmos-bloqueo-w4v5hpfo/repo/arbol/COSMOS.md

  AVISO  SIN TOKENIZADOR: el margen publicado (±5,2 %) NO se ha verificado en esta ejecución. Instálalo en un venv temporal (docs/CALIBRACION.md) o exige el fallo con COSMOS_EXIGE_TOKENIZADOR=1.
EXIT=0
