M1 puente/etiquetas.py: ROJO (correcto) — sin el bucle anticolisión, la etiqueta deja ver un tramo de la ruta
M2 puente/secretos.py: ROJO (correcto) — sin el filtro de expresiones, el escáner grita por cada 'obtener_clave_del_entorno'
M3 puente/secretos.py: ROJO (correcto) — subiendo el umbral del patrón, un secreto plantado deja de detectarse
M4 puente/proyectar.py: ROJO (correcto) — sin la guarda, la proyección pisa una skill que no es suya
M5 puente/proyectar.py: ROJO (correcto) — si el bloque se concatena en vez de sustituirse, la segunda proyección crece
M6 puente/lluvia.py: ROJO (correcto) — un campo de más en la proyección y la consulta devuelve el cuerpo entero
M7 puente/lluvia.py: ROJO (correcto) — sin el corte por bytes, la salida se pasa del presupuesto
M8 puente/gate.py: ROJO (correcto) — verificando en el árbol de trabajo, el gate aprueba lo que no se va a commitear
M9 puente/sesion.py: ROJO (correcto) — sin segmentar, el bloque entero se juzga por su primer programa y el 'cp' de detras no se mira
M10 puente/sesion.py: ROJO (correcto) — sin la comprobacion de contencion, el indice se reescribe a mano y nadie lo impide
M11 puente/sesion.py: ROJO (correcto) — ignorando los saltos, un guard de sesion no se puede abrir y acaba arrancado de raiz
M12 puente/secretos.py: ROJO (correcto) — sin sustituir el valor, el secreto entra entero en el contexto del modelo
M13 puente/sesion.py: ROJO (correcto) — sin el hash, la marca certifica una version del documento que ya no existe
M14 puente/sesion.py: ROJO (correcto) — sin la sesion dentro de la marca, copiarla a otra carpeta la convierte en lectura ajena
M15 puente/sesion.py: ROJO (correcto) — sin el borrado al compactar, la prueba de lectura sobrevive al contenido que probaba
M16 puente/sesion.py: ROJO (correcto) — con el tope a cero el cierre en rojo no se bloquea nunca: avisar y callarse no verifica nada
M17 puente/sesion.py: ROJO (correcto) — sin tope duro el Stop es un bucle sin salida, y un bucle sin salida se desinstala
M18 cosmos/guardarrailes.py: ROJO (correcto) — sin restaurar los bytes originales, desenganchar reformatea los ajustes de otro
M19 puente/sesion.py: ROJO (correcto) — sin los operadores compuestos en la regex, 'echo x &> indice' no declara ningun destino
M20 puente/sesion.py: ROJO (correcto) — partiendo por el '|' de '>|', la redireccion se queda sin destino y la escritura pasa
M21 puente/sesion.py: ROJO (correcto) — sin resolver la continuacion de linea, un salto suelto se cuela como si fuera una ruta
M22 puente/sesion.py: ROJO (correcto) — saltando el indice 0 sin mirar si es una redireccion, '> indice orden' no declara destino
M23 puente/sesion.py: ROJO (correcto) — sin distinguir '2>&1', copiar un descriptor cuenta como escribir un fichero llamado '1'
M24 puente/sesion.py: ROJO (correcto) — detras de _ASIGNACION la rama de 'of=' no se alcanza nunca y 'dd' escribe donde quiere
M25 puente/sesion.py: ROJO (correcto) — volviendo a fiarse del nombre del programa, 'python3 -c cosmos > indice' escribe el veredicto
M26 puente/sesion.py: ROJO (correcto) — sin denegar el destino calculado, '> $(echo indice)' pasa porque nadie sabe adonde escribe
M27 puente/sesion.py: ROJO (correcto) — con G04 detras del cortacircuitos de G05, abrir una valvula deja la otra denegando todo
M28 puente/sesion.py: ROJO (correcto) — sin leer stderr, el token de un 'git push' entra en el contexto sin pasar por la redaccion
M29 puente/sesion.py: ROJO (correcto) — mirando solo el shell, un .env leido o el informe de un subagente pasan en claro
M30 puente/sesion.py: ROJO (correcto) — sustituyendo solo 'output', el valor crudo sigue entrando por el canal que lo trajo
M31 cosmos/medir.py: ROJO (correcto) — publicando solo el agua mas cara, dos mares que mojan el mismo fichero cuestan la mitad
M32 cosmos/medir.py: ROJO (correcto) — sin el factor se revierte la calibracion entera: un 20% de todas las cifras publicadas
M33 cosmos/medir.py: ROJO (correcto) — con el margen a None vuelve el '+-desconocido' que la documentacion da por cerrado
M34 cosmos/medir.py: ROJO (correcto) — sin exigir alcance, el rio y la lluvia se cobran en el presupuesto sin llegar a cargarse nunca
M35 cosmos/validar.py: ROJO (correcto) — con la cobertura a False, E11 se queda ciega ante los globs anclados que juntos lo mojan todo
M36 cosmos/cli.py: ROJO (correcto) — si generar vuelve a exigir E19, un arbol nuevo se queda sin camino a verde (interbloqueo F11)
M37 cosmos/cli.py: ROJO (correcto) — si arrancar reescribe siempre el indice, tapa el E15 que existe para cazar un indice que miente
M38 cosmos/guardarrailes.py: ROJO (correcto) — sin enrutar Grep, Glob y Task, G05 no ve la salida de tres herramientas que ya sabe tapar
M39 cosmos/modelo.py: ROJO (correcto) — con el pid propio excluido, la reentrada roba el cerrojo y la exclusion se evapora en silencio (B08)
M40 cosmos/modelo.py: ROJO (correcto) — sin el PID escrito antes de ceder, el cerrojo esta vacio y otro proceso lo clasifica como rancio y lo roba
M41 cosmos/compilar.py: ROJO (correcto) — sin adopcion, borrar .cosmos/ deja la vista huerfana para siempre y la receta de E19 no cura (B03)
M42 cosmos/modelo.py: ROJO (correcto) — sin conservar el modo, cada reescritura estrecha los permisos a 0600 — y al haber UN escritor, el canario del manifiesto lo ve (A01/B04)
M43 cosmos/acertar.py: ROJO (correcto) — sin validar el borde, el caso de estreno (repo sin encargos) revienta con FileNotFoundError crudo (B09)
M44 cosmos/medir.py: ROJO (correcto) — sin el veredicto trivalente, un arbol sin un token vuelve a dar «OK, quedan 4.000» (B10)
M45 cosmos/medir.py: ROJO (correcto) — el juez cobra sobre la seleccion: elegir un nicho barato pone verde un arbol cuyo peor caso no cabe (T03, el sabotaje M02 del tercer revisor)
M46 cosmos/medir.py: ROJO (correcto) — un cuarto juez en el formateador: la linea que lee una persona dice OK mientras el proceso sale 1 (B02)
M47 puente/sesion.py: ROJO (correcto) — la reescritura vuelve a fabricar output y exit_code 0: el modelo lee como salida estandar y exito lo que fue error (B11)
M48 puente/sesion.py: ROJO (correcto) — el 0 por defecto vuelve: un exit_code que nadie dijo entra al contexto como hecho (B11)
M49 cosmos/acertar.py: ROJO (correcto) — una copia local que diverge (sin quitar acentos) rompe la promesa de «la misma normalizacion que la memoria» (A02)
M50 cosmos/cli.py: ROJO (correcto) — sin comprobar la raiz, medir calla el motivo: sale rojo por el veredicto trivalente pero sin decir que el arbol no esta (B10)
M51 galaxia/sistemas/ciberseguridad.md: ROJO (correcto) — quitando una arista, un oficio vuelve a quedarse sin que nadie lo cite y el mapa deja de llegar a el (C01)
M52 spec/UNIVERSO.md: ROJO (correcto) — el cardinal del titulo vuelve a escribirse a mano y a envejecer sin que nada lo diga
M53 galaxia/pueblos/mutmut/SKILL.md: ROJO (correcto) — recolgar una herramienta de calidad en rendimiento deshace en silencio la particion decidida (C03)
M54 galaxia/agua/mar-criterio.md: ROJO (correcto) — borrar la norma de mover-sin-reescribir pasa desapercibido sin la lista a mano de afirmaciones
M55 galaxia/agua/mar-pruebas.md: ROJO (correcto) — la primera norma del mar de pruebas —la doctrina entera del repo— se puede borrar sin que E07-E20 digan nada
M56 cosmos/buscar.py: ROJO (correcto) — con el ranking invertido, buscar devuelve lo peor puntuado como primer resultado
M57 cosmos/medir.py: ROJO (correcto) — si el catalogo vuelve a pagar la ruta completa por linea, el 40% del peor nicho vuelve en silencio
M58 cosmos/acertar.py: ROJO (correcto) — sin la redaccion, --json vuelve a ensenar el detalle por encargo: el gesto exacto que quemo el holdout anterior
M59 cosmos/juez.py: ROJO (correcto) — con el primer candidato en vez del mas largo, contestar la hoja se puntua como la raiz que la contiene

59/59 invariantes vistas fallar
EXIT_MUT=0
