........................................................................................................................................................s..s.......................................................................................................
----------------------------------------------------------------------
Ran 259 tests in 81.809s

OK (skipped=2)
COSMOS  compilar  verde

Creadas 1; actualizadas 0; iguales 0; adoptadas 0; ajenas respetadas 0; obsoletas eliminadas 0; obsoletas preservadas 0.
CREAR /private/var/folders/vv/_hbj4jrd3796ptvjsrrfpnrc0000gq/T/cosmos-enganche-hhaq2trv/repo/.cosmos/vista/medir-anchos

Índice creado en /private/var/folders/vv/_hbj4jrd3796ptvjsrrfpnrc0000gq/T/cosmos-enganche-hhaq2trv/repo/arbol/COSMOS.md (no existía)
COSMOS  verde  0 errores

COSMOS  arrancar  verde

Vista compilada en /private/var/folders/vv/_hbj4jrd3796ptvjsrrfpnrc0000gq/T/cosmos-enganche-hhaq2trv/repo/.cosmos/vista
COSMOS  generar  verde

Índice escrito en /private/var/folders/vv/_hbj4jrd3796ptvjsrrfpnrc0000gq/T/cosmos-enganche-hhaq2trv/repo/arbol/COSMOS.md
COSMOS  compilar  verde

Creadas 1; actualizadas 0; iguales 0; adoptadas 0; ajenas respetadas 0; obsoletas eliminadas 0; obsoletas preservadas 0.
CREAR /private/var/folders/vv/_hbj4jrd3796ptvjsrrfpnrc0000gq/T/cosmos-enganche-x99o24h9/repo/.cosmos/vista/medir-anchos

Índice creado en /private/var/folders/vv/_hbj4jrd3796ptvjsrrfpnrc0000gq/T/cosmos-enganche-x99o24h9/repo/arbol/COSMOS.md (no existía)
COSMOS  verde  0 errores

COSMOS  arrancar  verde

Vista compilada en /private/var/folders/vv/_hbj4jrd3796ptvjsrrfpnrc0000gq/T/cosmos-enganche-x99o24h9/repo/.cosmos/vista
COSMOS  generar  verde

Índice escrito en /private/var/folders/vv/_hbj4jrd3796ptvjsrrfpnrc0000gq/T/cosmos-enganche-x99o24h9/repo/arbol/COSMOS.md
COSMOS  compilar  verde

Creadas 1; actualizadas 0; iguales 0; adoptadas 0; ajenas respetadas 0; obsoletas eliminadas 0; obsoletas preservadas 0.
CREAR /private/var/folders/vv/_hbj4jrd3796ptvjsrrfpnrc0000gq/T/cosmos-enganche-9xinm584/repo/.cosmos/vista/medir-anchos

Índice creado en /private/var/folders/vv/_hbj4jrd3796ptvjsrrfpnrc0000gq/T/cosmos-enganche-9xinm584/repo/arbol/COSMOS.md (no existía)
COSMOS  verde  0 errores

COSMOS  arrancar  verde

Vista compilada en /private/var/folders/vv/_hbj4jrd3796ptvjsrrfpnrc0000gq/T/cosmos-enganche-9xinm584/repo/.cosmos/vista
COSMOS  generar  verde

Índice escrito en /private/var/folders/vv/_hbj4jrd3796ptvjsrrfpnrc0000gq/T/cosmos-enganche-9xinm584/repo/arbol/COSMOS.md
COSMOS  compilar  verde

Creadas 1; actualizadas 0; iguales 0; adoptadas 0; ajenas respetadas 0; obsoletas eliminadas 0; obsoletas preservadas 0.
CREAR /private/var/folders/vv/_hbj4jrd3796ptvjsrrfpnrc0000gq/T/cosmos-enganche-cs1v465m/repo/.cosmos/vista/medir-anchos

Índice creado en /private/var/folders/vv/_hbj4jrd3796ptvjsrrfpnrc0000gq/T/cosmos-enganche-cs1v465m/repo/arbol/COSMOS.md (no existía)
COSMOS  verde  0 errores

COSMOS  arrancar  verde

Vista compilada en /private/var/folders/vv/_hbj4jrd3796ptvjsrrfpnrc0000gq/T/cosmos-enganche-cs1v465m/repo/.cosmos/vista
COSMOS  generar  verde

Índice escrito en /private/var/folders/vv/_hbj4jrd3796ptvjsrrfpnrc0000gq/T/cosmos-enganche-cs1v465m/repo/arbol/COSMOS.md
COSMOS  compilar  verde

Creadas 1; actualizadas 0; iguales 0; adoptadas 0; ajenas respetadas 0; obsoletas eliminadas 0; obsoletas preservadas 0.
CREAR /private/var/folders/vv/_hbj4jrd3796ptvjsrrfpnrc0000gq/T/cosmos-bloqueo-s5xobg_h/repo/.cosmos/vista/medir-anchos

Índice creado en /private/var/folders/vv/_hbj4jrd3796ptvjsrrfpnrc0000gq/T/cosmos-bloqueo-s5xobg_h/repo/arbol/COSMOS.md (no existía)
COSMOS  verde  0 errores

COSMOS  arrancar  verde

Vista compilada en /private/var/folders/vv/_hbj4jrd3796ptvjsrrfpnrc0000gq/T/cosmos-bloqueo-s5xobg_h/repo/.cosmos/vista
COSMOS  generar  verde

Índice escrito en /private/var/folders/vv/_hbj4jrd3796ptvjsrrfpnrc0000gq/T/cosmos-bloqueo-s5xobg_h/repo/arbol/COSMOS.md
COSMOS  compilar  verde

Creadas 1; actualizadas 0; iguales 0; adoptadas 0; ajenas respetadas 0; obsoletas eliminadas 0; obsoletas preservadas 0.
CREAR /private/var/folders/vv/_hbj4jrd3796ptvjsrrfpnrc0000gq/T/cosmos-bloqueo-5lv4ixkh/repo/.cosmos/vista/medir-anchos

Índice creado en /private/var/folders/vv/_hbj4jrd3796ptvjsrrfpnrc0000gq/T/cosmos-bloqueo-5lv4ixkh/repo/arbol/COSMOS.md (no existía)
COSMOS  verde  0 errores

COSMOS  arrancar  verde

Vista compilada en /private/var/folders/vv/_hbj4jrd3796ptvjsrrfpnrc0000gq/T/cosmos-bloqueo-5lv4ixkh/repo/.cosmos/vista
COSMOS  generar  verde

Índice escrito en /private/var/folders/vv/_hbj4jrd3796ptvjsrrfpnrc0000gq/T/cosmos-bloqueo-5lv4ixkh/repo/arbol/COSMOS.md
COSMOS  compilar  verde

Creadas 1; actualizadas 0; iguales 0; adoptadas 0; ajenas respetadas 0; obsoletas eliminadas 0; obsoletas preservadas 0.
CREAR /private/var/folders/vv/_hbj4jrd3796ptvjsrrfpnrc0000gq/T/cosmos-bloqueo-_w7bifpn/repo/.cosmos/vista/medir-anchos

Índice creado en /private/var/folders/vv/_hbj4jrd3796ptvjsrrfpnrc0000gq/T/cosmos-bloqueo-_w7bifpn/repo/arbol/COSMOS.md (no existía)
COSMOS  verde  0 errores

COSMOS  arrancar  verde

Vista compilada en /private/var/folders/vv/_hbj4jrd3796ptvjsrrfpnrc0000gq/T/cosmos-bloqueo-_w7bifpn/repo/.cosmos/vista
COSMOS  generar  verde

Índice escrito en /private/var/folders/vv/_hbj4jrd3796ptvjsrrfpnrc0000gq/T/cosmos-bloqueo-_w7bifpn/repo/arbol/COSMOS.md
COSMOS  compilar  verde

Creadas 1; actualizadas 0; iguales 0; adoptadas 0; ajenas respetadas 0; obsoletas eliminadas 0; obsoletas preservadas 0.
CREAR /private/var/folders/vv/_hbj4jrd3796ptvjsrrfpnrc0000gq/T/cosmos-bloqueo-5xhpqkvq/repo/.cosmos/vista/medir-anchos

Índice creado en /private/var/folders/vv/_hbj4jrd3796ptvjsrrfpnrc0000gq/T/cosmos-bloqueo-5xhpqkvq/repo/arbol/COSMOS.md (no existía)
COSMOS  verde  0 errores

COSMOS  arrancar  verde

Vista compilada en /private/var/folders/vv/_hbj4jrd3796ptvjsrrfpnrc0000gq/T/cosmos-bloqueo-5xhpqkvq/repo/.cosmos/vista
COSMOS  generar  verde

Índice escrito en /private/var/folders/vv/_hbj4jrd3796ptvjsrrfpnrc0000gq/T/cosmos-bloqueo-5xhpqkvq/repo/arbol/COSMOS.md

  AVISO  SIN TOKENIZADOR: el margen publicado (±5,2 %) NO se ha verificado en esta ejecución. Instálalo en un venv temporal (docs/CALIBRACION.md) o exige el fallo con COSMOS_EXIGE_TOKENIZADOR=1.
EXIT_SUITE=0
