.......................................................................................................................................................................................................................................................................................................................................................................
----------------------------------------------------------------------
Ran 359 tests in 77.377s

OK
COSMOS  compilar  verde

Creadas 1; actualizadas 0; iguales 0; adoptadas 0; ajenas respetadas 0; obsoletas eliminadas 0; obsoletas preservadas 0.
(1 cambio(s); 'cosmos compilar --detalle' o '--seco' los lista uno a uno)
(vista COMPLETA: 1 pueblos de todos los nichos; acótala con --nicho o [nichos] activos si un runtime escanea el destino)

Índice creado en /private/var/folders/vv/_hbj4jrd3796ptvjsrrfpnrc0000gq/T/cosmos-enganche-qi916awt/repo/arbol/COSMOS.md (no existía)
COSMOS  verde  0 errores

COSMOS  arrancar  verde

Vista compilada en /private/var/folders/vv/_hbj4jrd3796ptvjsrrfpnrc0000gq/T/cosmos-enganche-qi916awt/repo/.cosmos/vista
COSMOS  generar  verde

Índice escrito en /private/var/folders/vv/_hbj4jrd3796ptvjsrrfpnrc0000gq/T/cosmos-enganche-qi916awt/repo/arbol/COSMOS.md
COSMOS  compilar  verde

Creadas 1; actualizadas 0; iguales 0; adoptadas 0; ajenas respetadas 0; obsoletas eliminadas 0; obsoletas preservadas 0.
(1 cambio(s); 'cosmos compilar --detalle' o '--seco' los lista uno a uno)
(vista COMPLETA: 1 pueblos de todos los nichos; acótala con --nicho o [nichos] activos si un runtime escanea el destino)

Índice creado en /private/var/folders/vv/_hbj4jrd3796ptvjsrrfpnrc0000gq/T/cosmos-enganche-ip6ayphi/repo/arbol/COSMOS.md (no existía)
COSMOS  verde  0 errores

COSMOS  arrancar  verde

Vista compilada en /private/var/folders/vv/_hbj4jrd3796ptvjsrrfpnrc0000gq/T/cosmos-enganche-ip6ayphi/repo/.cosmos/vista
COSMOS  generar  verde

Índice escrito en /private/var/folders/vv/_hbj4jrd3796ptvjsrrfpnrc0000gq/T/cosmos-enganche-ip6ayphi/repo/arbol/COSMOS.md
COSMOS  compilar  verde

Creadas 1; actualizadas 0; iguales 0; adoptadas 0; ajenas respetadas 0; obsoletas eliminadas 0; obsoletas preservadas 0.
(1 cambio(s); 'cosmos compilar --detalle' o '--seco' los lista uno a uno)
(vista COMPLETA: 1 pueblos de todos los nichos; acótala con --nicho o [nichos] activos si un runtime escanea el destino)

Índice creado en /private/var/folders/vv/_hbj4jrd3796ptvjsrrfpnrc0000gq/T/cosmos-enganche-f29294jc/repo/arbol/COSMOS.md (no existía)
COSMOS  verde  0 errores

COSMOS  arrancar  verde

Vista compilada en /private/var/folders/vv/_hbj4jrd3796ptvjsrrfpnrc0000gq/T/cosmos-enganche-f29294jc/repo/.cosmos/vista
COSMOS  generar  verde

Índice escrito en /private/var/folders/vv/_hbj4jrd3796ptvjsrrfpnrc0000gq/T/cosmos-enganche-f29294jc/repo/arbol/COSMOS.md
COSMOS  compilar  verde

Creadas 1; actualizadas 0; iguales 0; adoptadas 0; ajenas respetadas 0; obsoletas eliminadas 0; obsoletas preservadas 0.
(1 cambio(s); 'cosmos compilar --detalle' o '--seco' los lista uno a uno)
(vista COMPLETA: 1 pueblos de todos los nichos; acótala con --nicho o [nichos] activos si un runtime escanea el destino)

Índice creado en /private/var/folders/vv/_hbj4jrd3796ptvjsrrfpnrc0000gq/T/cosmos-enganche-ufl2b28i/repo/arbol/COSMOS.md (no existía)
COSMOS  verde  0 errores

COSMOS  arrancar  verde

Vista compilada en /private/var/folders/vv/_hbj4jrd3796ptvjsrrfpnrc0000gq/T/cosmos-enganche-ufl2b28i/repo/.cosmos/vista
COSMOS  generar  verde

Índice escrito en /private/var/folders/vv/_hbj4jrd3796ptvjsrrfpnrc0000gq/T/cosmos-enganche-ufl2b28i/repo/arbol/COSMOS.md
COSMOS  compilar  verde

Creadas 1; actualizadas 0; iguales 0; adoptadas 0; ajenas respetadas 0; obsoletas eliminadas 0; obsoletas preservadas 0.
(1 cambio(s); 'cosmos compilar --detalle' o '--seco' los lista uno a uno)
(vista COMPLETA: 1 pueblos de todos los nichos; acótala con --nicho o [nichos] activos si un runtime escanea el destino)

Índice creado en /private/var/folders/vv/_hbj4jrd3796ptvjsrrfpnrc0000gq/T/cosmos-bloqueo-wz684bjp/repo/arbol/COSMOS.md (no existía)
COSMOS  verde  0 errores

COSMOS  arrancar  verde

Vista compilada en /private/var/folders/vv/_hbj4jrd3796ptvjsrrfpnrc0000gq/T/cosmos-bloqueo-wz684bjp/repo/.cosmos/vista
COSMOS  generar  verde

Índice escrito en /private/var/folders/vv/_hbj4jrd3796ptvjsrrfpnrc0000gq/T/cosmos-bloqueo-wz684bjp/repo/arbol/COSMOS.md
COSMOS  compilar  verde

Creadas 1; actualizadas 0; iguales 0; adoptadas 0; ajenas respetadas 0; obsoletas eliminadas 0; obsoletas preservadas 0.
(1 cambio(s); 'cosmos compilar --detalle' o '--seco' los lista uno a uno)
(vista COMPLETA: 1 pueblos de todos los nichos; acótala con --nicho o [nichos] activos si un runtime escanea el destino)

Índice creado en /private/var/folders/vv/_hbj4jrd3796ptvjsrrfpnrc0000gq/T/cosmos-bloqueo-9hql4ch3/repo/arbol/COSMOS.md (no existía)
COSMOS  verde  0 errores

COSMOS  arrancar  verde

Vista compilada en /private/var/folders/vv/_hbj4jrd3796ptvjsrrfpnrc0000gq/T/cosmos-bloqueo-9hql4ch3/repo/.cosmos/vista
COSMOS  generar  verde

Índice escrito en /private/var/folders/vv/_hbj4jrd3796ptvjsrrfpnrc0000gq/T/cosmos-bloqueo-9hql4ch3/repo/arbol/COSMOS.md
COSMOS  compilar  verde

Creadas 1; actualizadas 0; iguales 0; adoptadas 0; ajenas respetadas 0; obsoletas eliminadas 0; obsoletas preservadas 0.
(1 cambio(s); 'cosmos compilar --detalle' o '--seco' los lista uno a uno)
(vista COMPLETA: 1 pueblos de todos los nichos; acótala con --nicho o [nichos] activos si un runtime escanea el destino)

Índice creado en /private/var/folders/vv/_hbj4jrd3796ptvjsrrfpnrc0000gq/T/cosmos-bloqueo-u14o078s/repo/arbol/COSMOS.md (no existía)
COSMOS  verde  0 errores

COSMOS  arrancar  verde

Vista compilada en /private/var/folders/vv/_hbj4jrd3796ptvjsrrfpnrc0000gq/T/cosmos-bloqueo-u14o078s/repo/.cosmos/vista
COSMOS  generar  verde

Índice escrito en /private/var/folders/vv/_hbj4jrd3796ptvjsrrfpnrc0000gq/T/cosmos-bloqueo-u14o078s/repo/arbol/COSMOS.md
COSMOS  compilar  verde

Creadas 1; actualizadas 0; iguales 0; adoptadas 0; ajenas respetadas 0; obsoletas eliminadas 0; obsoletas preservadas 0.
(1 cambio(s); 'cosmos compilar --detalle' o '--seco' los lista uno a uno)
(vista COMPLETA: 1 pueblos de todos los nichos; acótala con --nicho o [nichos] activos si un runtime escanea el destino)

Índice creado en /private/var/folders/vv/_hbj4jrd3796ptvjsrrfpnrc0000gq/T/cosmos-bloqueo-z3qa0lyi/repo/arbol/COSMOS.md (no existía)
COSMOS  verde  0 errores

COSMOS  arrancar  verde

Vista compilada en /private/var/folders/vv/_hbj4jrd3796ptvjsrrfpnrc0000gq/T/cosmos-bloqueo-z3qa0lyi/repo/.cosmos/vista
COSMOS  generar  verde

Índice escrito en /private/var/folders/vv/_hbj4jrd3796ptvjsrrfpnrc0000gq/T/cosmos-bloqueo-z3qa0lyi/repo/arbol/COSMOS.md
EXIT=0
